../Core/Src/main.c:140:5:main	8	static
../Core/Src/main.c:207:6:SystemClock_Config	96	static
../Core/Src/main.c:257:13:MX_ADC1_Init	48	static
../Core/Src/main.c:324:13:MX_I2C1_Init	8	static
../Core/Src/main.c:372:13:MX_USART2_UART_Init	8	static
../Core/Src/main.c:407:13:MX_GPIO_Init	48	static
../Core/Src/main.c:443:6:LoadSettings	4	static
../Core/Src/main.c:467:6:ReadVoltage	24	static
../Core/Src/main.c:479:6:CalcBatteryPercent	40	static
../Core/Src/main.c:518:7:constrain	24	static
../Core/Src/main.c:523:7:mapfloat	32	static
../Core/Src/main.c:534:6:Error_Handler	4	static,ignoring_inline_asm
