../Core/Src/main.c:155:20:PeepTimCallback	4	static
../Core/Src/main.c:171:5:main	24	static
../Core/Src/main.c:283:6:SystemClock_Config	96	static
../Core/Src/main.c:333:13:MX_ADC1_Init	48	static
../Core/Src/main.c:400:13:MX_I2C1_Init	8	static
../Core/Src/main.c:448:13:MX_TIM2_Init	64	static
../Core/Src/main.c:511:13:MX_TIM6_Init	24	static
../Core/Src/main.c:549:13:MX_USART2_UART_Init	8	static
../Core/Src/main.c:584:13:MX_GPIO_Init	48	static
../Core/Src/main.c:620:6:LoadSettings	4	static
../Core/Src/main.c:645:6:ReadVoltage	24	static
../Core/Src/main.c:661:6:CalcBatteryPercent	40	static
../Core/Src/main.c:713:7:constrain	24	static
../Core/Src/main.c:722:7:mapfloat	32	static
../Core/Src/main.c:726:6:InitBaro	8	static
../Core/Src/main.c:740:6:ReadBaro	40	static
../Core/Src/main.c:770:6:CalculateTone	40	static
../Core/Src/main.c:828:6:ApplyF	48	static
../Core/Src/main.c:856:20:DisableF	4	static
../Core/Src/main.c:867:6:InitLcd	8	static
../Core/Src/main.c:874:6:UpdateLcd	16	static
../Core/Src/main.c:900:6:Error_Handler	4	static,ignoring_inline_asm
